// Vitest Snapshot v1, https://vitest.dev/guide/snapshot.html

exports[`VisualizationTypeListItem renders Line list item 1`] = `
<div>
  <div
    class="_listItem_51a851"
  >
    <div
      class="_listItemIcon_51a851"
    >
      <div
        style="width: 48px; height: 48px;"
      >
        <svg
          fill="none"
          height="24"
          viewBox="0 0 24 24"
          width="24"
          xmlns="http://www.w3.org/2000/svg"
        >
          <path
            clip-rule="evenodd"
            d="M13 4h7v2h-7V4zm-2 2V4H4v2h7zM4 8h7v5H4V8zm9 5V8h7v5h-7zM2 6V2h20v20H2V6zm2 9v5h7v-5H4zm9 0v5h7v-5h-7z"
            fill="currentColor"
            fill-rule="evenodd"
          />
        </svg>
      </div>
    </div>
    <div
      class="_listItemText_51a851"
    >
      <p
        class="_listItemName_51a851"
      >
        Line list
      </p>
      <p
        class="_listItemDescription_51a851"
      >
        A visualization that displays data in a line list format
      </p>
    </div>
  </div>
</div>
`;
